Startpoint: _6796_ (rising edge-triggered flip-flop clocked by clk)
Endpoint: _7257_ (rising edge-triggered flip-flop clocked by clk)
Path Group: clk
Path Type: max

  Delay    Time   Description
---------------------------------------------------------
   0.00    0.00   clock clk (rise edge)
   0.00    0.00   clock network delay (ideal)
   0.00    0.00 ^ _6796_/CLK (sky130_fd_sc_hd__edfxtp_1)
   0.48    0.48 v _6796_/Q (sky130_fd_sc_hd__edfxtp_1)
   0.22    0.69 v _2599_/Y (sky130_fd_sc_hd__xnor2_1)
   0.26    0.95 ^ _5491_/Y (sky130_fd_sc_hd__o21ai_0)
   0.14    1.09 v _5519_/Y (sky130_fd_sc_hd__a221oi_1)
   0.33    1.42 ^ _5537_/Y (sky130_fd_sc_hd__o31ai_1)
   0.26    1.69 ^ _5555_/X (sky130_fd_sc_hd__maj3_1)
   0.11    1.80 v _5574_/Y (sky130_fd_sc_hd__a21boi_0)
   0.27    2.07 ^ _5600_/Y (sky130_fd_sc_hd__o21ai_0)
   0.14    2.20 v _5632_/Y (sky130_fd_sc_hd__a221oi_1)
   0.34    2.55 ^ _5668_/Y (sky130_fd_sc_hd__o311ai_0)
   0.17    2.72 v _5710_/Y (sky130_fd_sc_hd__a311oi_1)
   0.53    3.25 ^ _5748_/Y (sky130_fd_sc_hd__o311ai_0)
   0.19    3.44 v _5791_/Y (sky130_fd_sc_hd__a311oi_1)
   0.35    3.79 ^ _5832_/Y (sky130_fd_sc_hd__o311ai_0)
   0.17    3.96 v _5875_/Y (sky130_fd_sc_hd__a311oi_1)
   0.51    4.47 ^ _5914_/Y (sky130_fd_sc_hd__o311ai_0)
   0.21    4.68 v _5955_/Y (sky130_fd_sc_hd__a311oi_1)
   0.43    5.11 ^ _5991_/Y (sky130_fd_sc_hd__o311ai_0)
   0.22    5.32 v _6012_/Y (sky130_fd_sc_hd__a32oi_1)
   0.31    5.63 v _6033_/X (sky130_fd_sc_hd__a211o_1)
   0.17    5.80 v _6048_/X (sky130_fd_sc_hd__a21bo_1)
   0.22    6.02 ^ _6057_/Y (sky130_fd_sc_hd__a311oi_1)
   0.09    6.10 v _6058_/Y (sky130_fd_sc_hd__o21ai_0)
   0.00    6.10 v _7257_/D (sky130_fd_sc_hd__edfxtp_1)
           6.10   data arrival time

   5.90    5.90   clock clk (rise edge)
   0.00    5.90   clock network delay (ideal)
  -0.10    5.80   clock uncertainty
   0.00    5.80   clock reconvergence pessimism
           5.80 ^ _7257_/CLK (sky130_fd_sc_hd__edfxtp_1)
  -0.26    5.54   library setup time
           5.54   data required time
---------------------------------------------------------
           5.54   data required time
          -6.10   data arrival time
---------------------------------------------------------
          -0.56   slack (VIOLATED)


